// Jest Snapshot v1, https://goo.gl/fbAQLP

exports[`App should render without crashing 1`] = `
<div
  className="box-container"
>
  <div
    className="inner-container"
  >
    <div
      className="header"
    >
      Login
    </div>
    <div
      className="box"
    >
      <div
        className="input-group"
      >
        <label
          htmlFor="username"
        >
          Username
        </label>
        <input
          className="login-input"
          name="username"
          onChange={[Function]}
          placeholder="Username"
          type="text"
          value=""
        />
      </div>
      <div
        className="input-group"
      >
        <label
          htmlFor="password"
        >
          Password
        </label>
        <input
          className="login-input"
          name="password"
          onChange={[Function]}
          placeholder="Password"
          type="password"
          value=""
        />
      </div>
      <button
        className="login-btn"
        onClick={[Function]}
        type="button"
      >
        Login
      </button>
    </div>
  </div>
</div>
`;
